---
source: src/tests/format.rs
expression: "&default_formatted"
---
Blah.

Blah blah blah.
