---
source: src/tests/format.rs
expression: "&default_formatted"
---
- Lorem ipsum dolor sit amet - consectetur adipiscing elit * Sed do eiusmod
tempor incididunt ut labore et
    dolore magna aliqua
