---
source: src/tests/format.rs
expression: "&latex_formatted"
---
Blah.

Blah blah blah.
