---
source: src/tests/format.rs
expression: "&markdown_formatted"
---
Blah.

Blah blah blah.
