---
source: src/tests.rs
expression: "&formatted"
---
Blah.

Blah blah blah.
