---
source: src/tests.rs
expression: "&formatted"
---
First,
I updated the `DATASET_URL` environment variable for the ML container in
`k8s-tasks.yml` to point to the second dataset rather than the first.
